
> oomrtnica@0.1.0 build
> next build

  Γû▓ Next.js 14.2.3

   Creating an optimized production build ...
node.exe : <w> [webpack.cache.Pa
ckFileCacheStrategy] Skipped 
not serializable cache item 'Com
pilation/modules|C:\Users\hp\Des
ktop\obituary-app-fe-v2\node_mod
ules\next\dist\build\webpack\loa
ders\css-loader\src\index.js??ru
leSet[1].rules[13].oneOf[12].use
[2]!C:\Users\hp\Desktop\obituary
-app-fe-v2\node_modules\next\dis
t\build\webpack\loaders\postcss-
loader\src\index.js??ruleSet[1].
rules[13].oneOf[12].use[3]!C:\Us
ers\hp\Desktop\obituary-app-fe-v
2\app\qr-kode\qr-kode-responsive
.css': No serializer registered 
for PostCSSSyntaxError
At line:1 char:1
+ & "C:\Program 
Files\nodejs/node.exe" 
"C:\Program 
Files\nodejs/node_mo ...
+ ~~~~~~~~~~~~~~~~~~~~~~~~~~~~~~
~~~~~~~~~~~~~~~~~~~~~~~~~~~~~~~~
~~~~~~~
    + CategoryInfo          : N 
   otSpecified: (<w> [webpack.  
  ca...tCSSSyntaxError:String   
 ) [], RemoteException
    + FullyQualifiedErrorId : N 
   ativeCommandError
 
<w> while serializing webpack/li
b/cache/PackFileCacheStrategy.Pa
ckContentItems -> 
webpack/lib/NormalModule -> 
webpack/lib/ModuleBuildError -> 
PostCSSSyntaxError
Failed to compile.

./app/qr-kode/qr-kode-responsive
.css:229:1
Syntax error: C:\Users\hp\Deskto
p\obituary-app-fe-v2\app\qr-kode
\qr-kode-responsive.css 
Unclosed block

 [90m 227 | [39m
 [90m 228 | [39m[90m/* 
Mobile styles - ENABLED for 
proper responsive layout */[39m
[1m[31m>[39m[22m[90m 229 | 
[39m[36m@media[39m only 
screen and[36m 
[39m[36m(min-width:0px)[39m 
and[36m [39m[36m(max-width:73
9px)[39m [33m{[39m
 [90m     | 
[39m[1m[31m^[39m[22m
 [90m 230 | [39m
 [90m 231 | [39m

./app/qr-kode/qr-kode-responsive
.css
Syntax error: C:\Users\hp\Deskto
p\obituary-app-fe-v2\app\qr-kode
\qr-kode-responsive.css 
Unclosed block (229:1)

 [90m 227 | [39m
 [90m 228 | [39m[90m/* 
Mobile styles - ENABLED for 
proper responsive layout */[39m
[1m[31m>[39m[22m[90m 229 | 
[39m[36m@media[39m only 
screen and[36m 
[39m[36m(min-width:0px)[39m 
and[36m [39m[36m(max-width:73
9px)[39m [33m{[39m
 [90m     | 
[39m[1m[31m^[39m[22m
 [90m 230 | [39m
 [90m 231 | [39m

    at tryRunOrWebpackError (C:\
Users\hp\Desktop\obituary-app-fe
-v2\node_modules\next\dist\compi
led\webpack\bundle5.js:28:312989
)
    at 
__webpack_require_module__ (C:\U
sers\hp\Desktop\obituary-app-fe-
v2\node_modules\next\dist\compil
ed\webpack\bundle5.js:28:131165)
    at __nested_webpack_require_
153728__ (C:\Users\hp\Desktop\ob
ituary-app-fe-v2\node_modules\ne
xt\dist\compiled\webpack\bundle5
.js:28:130607)
    at C:\Users\hp\Desktop\obitu
ary-app-fe-v2\node_modules\next\
dist\compiled\webpack\bundle5.js
:28:131454
    at symbolIterator (C:\Users\
hp\Desktop\obituary-app-fe-v2\no
de_modules\next\dist\compiled\ne
o-async\async.js:1:14444)
    at done (C:\Users\hp\Desktop
\obituary-app-fe-v2\node_modules
\next\dist\compiled\neo-async\as
ync.js:1:14824)
    at Hook.eval [as callAsync] 
(eval at create (C:\Users\hp\Des
ktop\obituary-app-fe-v2\node_mod
ules\next\dist\compiled\webpack\
bundle5.js:13:28858), 
<anonymous>:15:1)
    at Hook.CALL_ASYNC_DELEGATE 
[as _callAsync] (C:\Users\hp\Des
ktop\obituary-app-fe-v2\node_mod
ules\next\dist\compiled\webpack\
bundle5.js:13:26012)
    at C:\Users\hp\Desktop\obitu
ary-app-fe-v2\node_modules\next\
dist\compiled\webpack\bundle5.js
:28:130328
    at symbolIterator (C:\Users\
hp\Desktop\obituary-app-fe-v2\no
de_modules\next\dist\compiled\ne
o-async\async.js:1:14402)
-- inner error --
Syntax error: C:\Users\hp\Deskto
p\obituary-app-fe-v2\app\qr-kode
\qr-kode-responsive.css 
Unclosed block (229:1)

 [90m 227 | [39m
 [90m 228 | [39m[90m/* 
Mobile styles - ENABLED for 
proper responsive layout */[39m
[1m[31m>[39m[22m[90m 229 | 
[39m[36m@media[39m only 
screen and[36m 
[39m[36m(min-width:0px)[39m 
and[36m [39m[36m(max-width:73
9px)[39m [33m{[39m
 [90m     | 
[39m[1m[31m^[39m[22m
 [90m 230 | [39m
 [90m 231 | [39m

    at Object.<anonymous> (C:\Us
ers\hp\Desktop\obituary-app-fe-v
2\node_modules\next\dist\build\w
ebpack\loaders\css-loader\src\in
dex.js??ruleSet[1].rules[13].one
Of[12].use[2]!C:\Users\hp\Deskto
p\obituary-app-fe-v2\node_module
s\next\dist\build\webpack\loader
s\postcss-loader\src\index.js??r
uleSet[1].rules[13].oneOf[12].us
e[3]!C:\Users\hp\Desktop\obituar
y-app-fe-v2\app\qr-kode\qr-kode-
responsive.css:1:7)
    at C:\Users\hp\Desktop\obitu
ary-app-fe-v2\node_modules\next\
dist\compiled\webpack\bundle5.js
:28:922493
    at Hook.eval [as call] 
(eval at create (C:\Users\hp\Des
ktop\obituary-app-fe-v2\node_mod
ules\next\dist\compiled\webpack\
bundle5.js:13:28636), 
<anonymous>:7:1)
    at Hook.CALL_DELEGATE [as 
_call] (C:\Users\hp\Desktop\obit
uary-app-fe-v2\node_modules\next
\dist\compiled\webpack\bundle5.j
s:13:25906)
    at C:\Users\hp\Desktop\obitu
ary-app-fe-v2\node_modules\next\
dist\compiled\webpack\bundle5.js
:28:131198
    at tryRunOrWebpackError (C:\
Users\hp\Desktop\obituary-app-fe
-v2\node_modules\next\dist\compi
led\webpack\bundle5.js:28:312943
)
    at 
__webpack_require_module__ (C:\U
sers\hp\Desktop\obituary-app-fe-
v2\node_modules\next\dist\compil
ed\webpack\bundle5.js:28:131165)
    at __nested_webpack_require_
153728__ (C:\Users\hp\Desktop\ob
ituary-app-fe-v2\node_modules\ne
xt\dist\compiled\webpack\bundle5
.js:28:130607)
    at C:\Users\hp\Desktop\obitu
ary-app-fe-v2\node_modules\next\
dist\compiled\webpack\bundle5.js
:28:131454
    at symbolIterator (C:\Users\
hp\Desktop\obituary-app-fe-v2\no
de_modules\next\dist\compiled\ne
o-async\async.js:1:14444)

Generated code for C:\Users\hp\D
esktop\obituary-app-fe-v2\node_m
odules\next\dist\build\webpack\l
oaders\css-loader\src\index.js??
ruleSet[1].rules[13].oneOf[12].u
se[2]!C:\Users\hp\Desktop\obitua
ry-app-fe-v2\node_modules\next\d
ist\build\webpack\loaders\postcs
s-loader\src\index.js??ruleSet[1
].rules[13].oneOf[12].use[3]!C:\
Users\hp\Desktop\obituary-app-fe
-v2\app\qr-kode\qr-kode-responsi
ve.css

Import trace for requested 
module:
./app/qr-kode/qr-kode-responsive
.css


> Build failed because of 
webpack errors
